
> dealership-management-system@1.0.0 build
> npm run build:renderer && npm run build:main


> dealership-management-system@1.0.0 build:renderer
> vite build

[33mThe CJS build of Vite's Node API is deprecated. See https://vite.dev/guide/troubleshooting.html#vite-cjs-node-api-deprecated for more details.[39m
[36mvite v5.4.21 [32mbuilding for production...[36m[39m
transforming...
(node:29216) [MODULE_TYPELESS_PACKAGE_JSON] Warning: Module type of file:///D:/Automobile%20Dealership%20Management%20and%20Inspection%20System/postcss.config.js is not specified and it doesn't parse as CommonJS.
Reparsing as ES module because module syntax was detected. This incurs a performance overhead.
To eliminate this warning, add "type": "module" to D:\Automobile Dealership Management and Inspection System\package.json.
(Use `node --trace-warnings ...` to show where the warning was created)
[32m✓[39m 754 modules transformed.
rendering chunks...
computing gzip size...
[2mdist/renderer/[22m[32mindex.html                               [39m[1m[2m  0.69 kB[22m[1m[22m[2m │ gzip:   0.43 kB[22m
[2mdist/renderer/[22m[35massets/index-BakOAuGo.css                [39m[1m[2m 51.28 kB[22m[1m[22m[2m │ gzip:   8.81 kB[22m
[2mdist/renderer/[22m[36massets/VehicleInspectionSVG-DFaZJZux.js  [39m[1m[2m 13.95 kB[22m[1m[22m[2m │ gzip:   3.73 kB[22m
[2mdist/renderer/[22m[36massets/purify.es-BwoZCkIS.js             [39m[1m[2m 22.03 kB[22m[1m[22m[2m │ gzip:   8.77 kB[22m
[2mdist/renderer/[22m[36massets/index.es-di7nxe3a.js              [39m[1m[2m150.47 kB[22m[1m[22m[2m │ gzip:  51.44 kB[22m
[2mdist/renderer/[22m[36massets/html2canvas.esm-CBrSDip1.js       [39m[1m[2m201.42 kB[22m[1m[22m[2m │ gzip:  48.03 kB[22m
[2mdist/renderer/[22m[36massets/index-ZCjvdqpW.js                 [39m[1m[33m750.68 kB[39m[22m[2m │ gzip: 225.02 kB[22m
[33m
(!) Some chunks are larger than 500 kB after minification. Consider:
- Using dynamic import() to code-split the application
- Use build.rollupOptions.output.manualChunks to improve chunking: https://rollupjs.org/configuration-options/#output-manualchunks
- Adjust chunk size limit for this warning via build.chunkSizeWarningLimit.[39m
[32m✓ built in 4.79s[39m

> dealership-management-system@1.0.0 build:main
> tsc -p tsconfig.main.json

